mode: set
lab3-detector/internal/logging/logger.go:7.50,9.2 1 1
lab3-detector/internal/logging/logger.go:12.33,14.2 1 1
lab3-detector/internal/stats/counter.go:12.40,14.2 1 0
lab3-detector/internal/stats/counter.go:17.62,19.2 1 0
lab3-detector/internal/stats/counter.go:22.53,24.2 1 0
lab3-detector/internal/stats/counter.go:33.36,35.2 1 1
lab3-detector/internal/stats/counter.go:38.60,43.2 3 1
lab3-detector/internal/stats/counter.go:46.51,51.2 3 1
lab3-detector/internal/processor/metadata.go:32.51,35.30 2 0
lab3-detector/internal/processor/metadata.go:35.30,42.3 1 0
lab3-detector/internal/processor/metadata.go:46.36,47.29 1 0
lab3-detector/internal/processor/metadata.go:47.29,48.19 1 0
lab3-detector/internal/processor/metadata.go:48.19,49.8 1 0
lab3-detector/internal/processor/metadata.go:49.8,52.5 2 0
lab3-detector/internal/processor/metadata.go:56.2,56.9 1 0
lab3-detector/internal/processor/metadata.go:60.36,61.29 1 0
lab3-detector/internal/processor/metadata.go:61.29,62.19 1 0
lab3-detector/internal/processor/metadata.go:62.19,63.8 1 0
lab3-detector/internal/processor/metadata.go:63.8,66.5 2 0
lab3-detector/internal/processor/metadata.go:70.2,70.9 1 0
lab3-detector/internal/processor/metadata.go:73.43,78.13 3 0
lab3-detector/internal/processor/metadata.go:78.13,86.3 5 0
lab3-detector/internal/processor/metadata.go:88.2,88.16 1 0
lab3-detector/internal/processor/metadata.go:91.43,96.13 3 0
lab3-detector/internal/processor/metadata.go:96.13,101.3 3 0
lab3-detector/internal/processor/metadata.go:103.2,103.16 1 0
lab3-detector/internal/processor/metadata.go:107.54,111.13 3 0
lab3-detector/internal/processor/metadata.go:111.13,113.3 1 0
lab3-detector/internal/processor/metadata.go:115.2,115.16 1 0
lab3-detector/internal/processor/metadata.go:119.59,122.40 2 0
lab3-detector/internal/processor/metadata.go:122.40,125.3 2 0
lab3-detector/internal/processor/metadata.go:127.2,127.14 1 0
lab3-detector/internal/processor/metadata.go:130.45,134.43 3 0
lab3-detector/internal/processor/metadata.go:134.43,135.34 1 0
lab3-detector/internal/processor/metadata.go:135.34,137.9 2 0
lab3-detector/internal/processor/metadata.go:141.2,141.25 1 0
lab3-detector/internal/processor/metadata.go:145.95,152.21 2 1
lab3-detector/internal/processor/metadata.go:152.21,154.3 1 1
lab3-detector/internal/processor/metadata.go:156.2,156.29 1 1
lab3-detector/internal/processor/metadata.go:166.63,168.23 2 1
lab3-detector/internal/processor/metadata.go:168.23,170.3 1 1
lab3-detector/internal/processor/metadata.go:172.2,175.8 1 1
lab3-detector/cmd/service/handlers.go:14.60,16.2 1 1
lab3-detector/cmd/service/handlers.go:18.59,20.2 1 0
lab3-detector/cmd/service/handlers.go:22.64,32.2 4 1
lab3-detector/cmd/service/main.go:18.13,30.15 8 0
lab3-detector/cmd/service/main.go:31.15,32.41 1 0
lab3-detector/cmd/service/main.go:33.15,34.41 1 0
lab3-detector/cmd/service/main.go:35.10,36.40 1 0
lab3-detector/cmd/service/main.go:40.25,42.67 2 0
lab3-detector/cmd/service/main.go:42.67,44.3 1 0
lab3-detector/cmd/service/main.go:47.27,56.58 6 0
lab3-detector/cmd/service/main.go:56.58,58.3 1 0
